2024-05-08 11:20:13.652 [ INFO] [kground-preinit] o.h.v.i.u.Version              : <clinit>             : 21         : HV000001: Hibernate Validator 8.0.1.Final
2024-05-08 11:20:13.666 [ INFO] [           main] c.i.s.ShoppingMallApplication  : logStarting          : 50         : Starting ShoppingMallApplication using Java 21.0.2 with PID 62960 (/Users/bagsuyeon/Desktop/Team_idle/target/classes started by bagsuyeon in /Users/bagsuyeon/Desktop/Team_idle)
2024-05-08 11:20:13.667 [ INFO] [           main] c.i.s.ShoppingMallApplication  : ogStartupProfileInfo : 654        : No active profile set, falling back to 1 default profile: "default"
2024-05-08 11:20:14.133 [ INFO] [           main] epositoryConfigurationDelegate : gisterRepositoriesIn : 139        : Bootstrapping Spring Data JPA repositories in DEFAULT mode.
2024-05-08 11:20:14.145 [ INFO] [           main] epositoryConfigurationDelegate : gisterRepositoriesIn : 208        : Finished Spring Data repository scanning in 8 ms. Found 0 JPA repository interfaces.
2024-05-08 11:20:14.393 [ INFO] [           main] o.a.c.h.Http11NioProtocol      : log                  : 173        : Initializing ProtocolHandler ["http-nio-80"]
2024-05-08 11:20:14.394 [ INFO] [           main] o.a.c.c.StandardService        : log                  : 173        : Starting service [Tomcat]
2024-05-08 11:20:14.394 [ INFO] [           main] o.a.c.c.StandardEngine         : log                  : 173        : Starting Servlet engine: [Apache Tomcat/10.1.19]
2024-05-08 11:20:14.414 [ INFO] [           main] o.a.c.c.C.[.[.[/]              : log                  : 173        : Initializing Spring embedded WebApplicationContext
2024-05-08 11:20:14.488 [ INFO] [           main] c.z.h.HikariDataSource         : getConnection        : 110        : HikariPool-1 - Starting...
2024-05-08 11:20:15.886 [ INFO] [           main] c.z.h.p.HikariPool             : checkFailFast        : 565        : HikariPool-1 - Added connection com.mysql.cj.jdbc.ConnectionImpl@17176b18
2024-05-08 11:20:15.887 [ INFO] [           main] c.z.h.HikariDataSource         : getConnection        : 123        : HikariPool-1 - Start completed.
2024-05-08 11:20:15.904 [ INFO] [           main] o.h.j.i.u.LogHelper            : tenceUnitInformation : 31         : HHH000204: Processing PersistenceUnitInfo [name: default]
2024-05-08 11:20:15.931 [ INFO] [           main] o.h.Version                    : logVersion           : 44         : HHH000412: Hibernate ORM core version 6.4.4.Final
2024-05-08 11:20:15.944 [ INFO] [           main] o.h.c.i.RegionFactoryInitiator : initiateService      : 50         : HHH000026: Second-level cache disabled
2024-05-08 11:20:16.035 [ INFO] [           main] .j.p.SpringPersistenceUnitInfo : addTransformer       : 87         : No LoadTimeWeaver setup: ignoring JPA class transformer
2024-05-08 11:20:16.309 [ INFO] [           main] e.t.j.p.i.JtaPlatformInitiator : initiateService      : 58         : HHH000489: No JTA platform available (set 'hibernate.transaction.jta.platform' to enable JTA platform integration)
2024-05-08 11:20:16.310 [ INFO] [           main] tainerEntityManagerFactoryBean : EntityManagerFactory : 437        : Initialized JPA EntityManagerFactory for persistence unit 'default'
2024-05-08 11:20:16.722 [ WARN] [           main] figuration$JpaWebConfiguration : gerInViewInterceptor : 232        : spring.jpa.open-in-view is enabled by default. Therefore, database queries may be performed during view rendering. Explicitly configure spring.jpa.open-in-view to disable this warning
2024-05-08 11:20:16.839 [ INFO] [           main] s.w.DefaultSecurityFilterChain : <init>               : 54         : Will secure any request with [org.springframework.security.web.session.DisableEncodeUrlFilter@192aeae2, org.springframework.security.web.context.request.async.WebAsyncManagerIntegrationFilter@4ee1c29a, org.springframework.security.web.context.SecurityContextHolderFilter@2b98c310, org.springframework.security.web.header.HeaderWriterFilter@26619e5, org.springframework.web.filter.CorsFilter@28d1b2f, org.springframework.security.web.authentication.logout.LogoutFilter@2db82155, org.springframework.security.oauth2.client.web.OAuth2AuthorizationRequestRedirectFilter@2480acc3, org.springframework.security.oauth2.client.web.OAuth2LoginAuthenticationFilter@68a7f77a, org.springframework.security.web.authentication.UsernamePasswordAuthenticationFilter@17f7a1af, org.springframework.security.web.savedrequest.RequestCacheAwareFilter@26361572, org.springframework.security.web.servletapi.SecurityContextHolderAwareRequestFilter@5dc8448b, org.springframework.security.web.authentication.AnonymousAuthenticationFilter@5f32de90, org.springframework.security.web.access.ExceptionTranslationFilter@5bfeb9ba, org.springframework.security.web.access.intercept.AuthorizationFilter@5d03df76]
2024-05-08 11:20:16.920 [ INFO] [           main] o.a.c.h.Http11NioProtocol      : log                  : 173        : Starting ProtocolHandler ["http-nio-80"]
2024-05-08 11:20:16.933 [ INFO] [           main] c.i.s.ShoppingMallApplication  : logStarted           : 56         : Started ShoppingMallApplication in 3.444 seconds (process running for 3.869)
2024-05-08 11:20:32.017 [ INFO] [p-nio-80-exec-1] o.a.c.c.C.[.[.[/]              : log                  : 173        : Initializing Spring DispatcherServlet 'dispatcherServlet'
2024-05-08 11:20:32.018 [ INFO] [p-nio-80-exec-1] o.s.w.s.DispatcherServlet      : initServletBean      : 532        : Initializing Servlet 'dispatcherServlet'
2024-05-08 11:20:32.019 [ INFO] [p-nio-80-exec-1] o.s.w.s.DispatcherServlet      : initServletBean      : 554        : Completed initialization in 1 ms
2024-05-08 11:20:58.907 [ INFO] [ionShutdownHook] tainerEntityManagerFactoryBean : destroy              : 650        : Closing JPA EntityManagerFactory for persistence unit 'default'
2024-05-08 11:20:58.909 [ INFO] [ionShutdownHook] c.z.h.HikariDataSource         : close                : 350        : HikariPool-1 - Shutdown initiated...
2024-05-08 11:20:58.913 [ INFO] [ionShutdownHook] c.z.h.HikariDataSource         : close                : 352        : HikariPool-1 - Shutdown completed.
2024-05-10 20:16:21.393 [ INFO] [kground-preinit] o.h.v.i.u.Version              : <clinit>             : 21         : HV000001: Hibernate Validator 8.0.1.Final
2024-05-10 20:16:21.405 [ INFO] [           main] c.i.s.ShoppingMallApplication  : logStarting          : 50         : Starting ShoppingMallApplication using Java 21.0.2 with PID 92231 (/Users/bagsuyeon/Desktop/Team_idle/target/classes started by bagsuyeon in /Users/bagsuyeon/Desktop/Team_idle)
2024-05-10 20:16:21.406 [ INFO] [           main] c.i.s.ShoppingMallApplication  : ogStartupProfileInfo : 654        : No active profile set, falling back to 1 default profile: "default"
2024-05-10 20:16:21.866 [ INFO] [           main] epositoryConfigurationDelegate : gisterRepositoriesIn : 139        : Bootstrapping Spring Data JPA repositories in DEFAULT mode.
2024-05-10 20:16:21.877 [ INFO] [           main] epositoryConfigurationDelegate : gisterRepositoriesIn : 208        : Finished Spring Data repository scanning in 8 ms. Found 0 JPA repository interfaces.
2024-05-10 20:16:22.100 [ INFO] [           main] o.a.c.h.Http11NioProtocol      : log                  : 173        : Initializing ProtocolHandler ["http-nio-80"]
2024-05-10 20:16:22.101 [ INFO] [           main] o.a.c.c.StandardService        : log                  : 173        : Starting service [Tomcat]
2024-05-10 20:16:22.101 [ INFO] [           main] o.a.c.c.StandardEngine         : log                  : 173        : Starting Servlet engine: [Apache Tomcat/10.1.19]
2024-05-10 20:16:22.124 [ INFO] [           main] o.a.c.c.C.[.[.[/]              : log                  : 173        : Initializing Spring embedded WebApplicationContext
2024-05-10 20:16:22.174 [ INFO] [           main] c.z.h.HikariDataSource         : getConnection        : 110        : HikariPool-1 - Starting...
2024-05-10 20:16:22.285 [ INFO] [           main] c.z.h.p.HikariPool             : checkFailFast        : 565        : HikariPool-1 - Added connection com.mysql.cj.jdbc.ConnectionImpl@eaf8427
2024-05-10 20:16:22.285 [ INFO] [           main] c.z.h.HikariDataSource         : getConnection        : 123        : HikariPool-1 - Start completed.
2024-05-10 20:16:22.303 [ INFO] [           main] o.h.j.i.u.LogHelper            : tenceUnitInformation : 31         : HHH000204: Processing PersistenceUnitInfo [name: default]
2024-05-10 20:16:22.336 [ INFO] [           main] o.h.Version                    : logVersion           : 44         : HHH000412: Hibernate ORM core version 6.4.4.Final
2024-05-10 20:16:22.354 [ INFO] [           main] o.h.c.i.RegionFactoryInitiator : initiateService      : 50         : HHH000026: Second-level cache disabled
2024-05-10 20:16:22.452 [ INFO] [           main] .j.p.SpringPersistenceUnitInfo : addTransformer       : 87         : No LoadTimeWeaver setup: ignoring JPA class transformer
2024-05-10 20:16:22.674 [ INFO] [           main] e.t.j.p.i.JtaPlatformInitiator : initiateService      : 58         : HHH000489: No JTA platform available (set 'hibernate.transaction.jta.platform' to enable JTA platform integration)
2024-05-10 20:16:22.676 [ INFO] [           main] tainerEntityManagerFactoryBean : EntityManagerFactory : 437        : Initialized JPA EntityManagerFactory for persistence unit 'default'
2024-05-10 20:16:23.089 [ WARN] [           main] figuration$JpaWebConfiguration : gerInViewInterceptor : 232        : spring.jpa.open-in-view is enabled by default. Therefore, database queries may be performed during view rendering. Explicitly configure spring.jpa.open-in-view to disable this warning
2024-05-10 20:16:23.200 [ INFO] [           main] s.w.DefaultSecurityFilterChain : <init>               : 54         : Will secure any request with [org.springframework.security.web.session.DisableEncodeUrlFilter@68a7f77a, org.springframework.security.web.context.request.async.WebAsyncManagerIntegrationFilter@4960b819, org.springframework.security.web.context.SecurityContextHolderFilter@26619e5, org.springframework.security.web.header.HeaderWriterFilter@1e9b0c92, org.springframework.web.filter.CorsFilter@1e987f59, org.springframework.security.web.authentication.logout.LogoutFilter@2df24f19, org.springframework.security.oauth2.client.web.OAuth2AuthorizationRequestRedirectFilter@578781f7, org.springframework.security.oauth2.client.web.OAuth2LoginAuthenticationFilter@2480acc3, org.springframework.security.web.authentication.UsernamePasswordAuthenticationFilter@4f1aa2bc, org.springframework.security.web.savedrequest.RequestCacheAwareFilter@6a4238ff, org.springframework.security.web.servletapi.SecurityContextHolderAwareRequestFilter@2b98c310, org.springframework.security.web.authentication.AnonymousAuthenticationFilter@192aeae2, org.springframework.security.web.access.ExceptionTranslationFilter@11a0c708, org.springframework.security.web.access.intercept.AuthorizationFilter@54e3cba2]
2024-05-10 20:16:23.278 [ INFO] [           main] o.a.c.h.Http11NioProtocol      : log                  : 173        : Starting ProtocolHandler ["http-nio-80"]
2024-05-10 20:16:23.288 [ INFO] [           main] c.i.s.ShoppingMallApplication  : logStarted           : 56         : Started ShoppingMallApplication in 2.035 seconds (process running for 2.644)
2024-05-10 20:16:50.631 [ INFO] [p-nio-80-exec-1] o.a.c.c.C.[.[.[/]              : log                  : 173        : Initializing Spring DispatcherServlet 'dispatcherServlet'
2024-05-10 20:16:50.631 [ INFO] [p-nio-80-exec-1] o.s.w.s.DispatcherServlet      : initServletBean      : 532        : Initializing Servlet 'dispatcherServlet'
2024-05-10 20:16:50.633 [ INFO] [p-nio-80-exec-1] o.s.w.s.DispatcherServlet      : initServletBean      : 554        : Completed initialization in 2 ms
2024-05-10 20:20:19.029 [ INFO] [ionShutdownHook] tainerEntityManagerFactoryBean : destroy              : 650        : Closing JPA EntityManagerFactory for persistence unit 'default'
2024-05-10 20:20:19.032 [ INFO] [ionShutdownHook] c.z.h.HikariDataSource         : close                : 350        : HikariPool-1 - Shutdown initiated...
2024-05-10 20:20:19.035 [ INFO] [ionShutdownHook] c.z.h.HikariDataSource         : close                : 352        : HikariPool-1 - Shutdown completed.
